src/main/java/com/metro/map/session/WalkSession.java:9: error: cannot find symbol
import com.metro.map.MetroMapMod;
                    ^
  symbol:   class MetroMapMod
  location: package com.metro.map
src/main/java/com/metro/map/storage/StorageManager.java:9: error: cannot find symbol
import com.metro.map.MetroMapMod;
                    ^
  symbol:   class MetroMapMod
  location: package com.metro.map
src/main/java/com/metro/map/session/WalkSession.java:69: error: package MetroMapMod does not exist
                MetroMapMod.LOGGER.warn("Large jump in walk path ({} blocks), point kept", String.format("%.1f", d));
                           ^
src/main/java/com/metro/map/storage/StorageManager.java:67: error: package MetroMapMod does not exist
            MetroMapMod.LOGGER.error("Failed to create metro_map dirs", e);
                       ^
src/main/java/com/metro/map/storage/StorageManager.java:133: error: cannot find symbol
        root.addProperty("mod", MetroMapMod.MOD_ID);
                                ^
  symbol:   variable MetroMapMod
  location: class StorageManager
src/main/java/com/metro/map/storage/StorageManager.java:237: error: package MetroMapMod does not exist
            MetroMapMod.LOGGER.error("Failed to save lines.json", e);
                       ^
src/main/java/com/metro/map/storage/StorageManager.java:249: error: package MetroMapMod does not exist
            MetroMapMod.LOGGER.error("Failed to read lines.json, trying backup", e);
                       ^
src/main/java/com/metro/map/storage/StorageManager.java:255: error: package MetroMapMod does not exist
                    MetroMapMod.LOGGER.error("Backup also unreadable", e2);
                               ^
src/main/java/com/metro/map/storage/StorageManager.java:278: error: cannot find symbol
        root.addProperty("mod", MetroMapMod.MOD_ID);
                                ^
  symbol:   variable MetroMapMod
  location: class StorageManager
src/main/java/com/metro/map/storage/StorageManager.java:293: error: package MetroMapMod does not exist
            MetroMapMod.LOGGER.error("Failed to save session " + lineId, e);
                       ^
10 errors
